// Jest Snapshot v1, https://goo.gl/fbAQLP

exports[`renders correctly with data 1`] = `
<div
  style={
    Object {
      "width": "20rem",
    }
  }
>
  <div
    className="pc-text-panel"
    onClick={[Function]}
    style={
      Object {
        "color": "grey",
      }
    }
  >
    <span
      className="pc-dropdown-icon"
    >
      <svg
        fill="currentColor"
        height="1em"
        stroke="currentColor"
        strokeWidth="0"
        style={
          Object {
            "color": undefined,
          }
        }
        viewBox="0 0 320 512"
        width="1em"
        xmlns="http://www.w3.org/2000/svg"
      >
        <path
          d="M31.3 192h257.3c17.8 0 26.7 21.5 14.1 34.1L174.1 354.8c-7.8 7.8-20.5 7.8-28.3 0L17.2 226.1C4.6 213.5 13.5 192 31.3 192z"
        />
      </svg>
    </span>
  </div>
  <div
    className="pc-list-wrapper"
  />
</div>
`;

exports[`renders correctly without data 1`] = `
<div
  style={
    Object {
      "width": "20rem",
    }
  }
>
  <div
    className="pc-text-panel"
    onClick={[Function]}
    style={
      Object {
        "color": "grey",
      }
    }
  >
    <span
      className="pc-dropdown-icon"
    >
      <svg
        fill="currentColor"
        height="1em"
        stroke="currentColor"
        strokeWidth="0"
        style={
          Object {
            "color": undefined,
          }
        }
        viewBox="0 0 320 512"
        width="1em"
        xmlns="http://www.w3.org/2000/svg"
      >
        <path
          d="M31.3 192h257.3c17.8 0 26.7 21.5 14.1 34.1L174.1 354.8c-7.8 7.8-20.5 7.8-28.3 0L17.2 226.1C4.6 213.5 13.5 192 31.3 192z"
        />
      </svg>
    </span>
  </div>
  <div
    className="pc-list-wrapper"
  />
</div>
`;
